=================================================================
SCRIPT 15: ABLATION STUDY  M0 -> M7, plus M8, M9
=================================================================
  Fast mode : False
  Horizons  : [1, 4, 13, 26]
  Total fits: 960

[1] Loading panel ...
   Panel: 522,082 rows
  WARNING: dropping overlapping macro columns from a later source: ['date_dup']
   Macro joined: 18 series → ['bank_credit_agri_cr', 'export_veg_usd_mn', 'import_veg_usd_mn', 'crude_oil_usd_bbl', 'iip_food_proc', 'agri_wages_rs_day', 'repo_rate_pct', 'reverse_repo_pct', 'usdinr_monthly_avg', 'wpi_fruits_vegetables', 'wpi_vegetables_total', 'wpi_potato', 'wpi_onion', 'wpi_tomato', 'diesel_4city_rs_litre', 'lpg_nonsub_4city_rs_cyl', 'diesel_delhi_per_L', 'lpg_nonsub_delhi_per14kg']

[2] Loading satellite/climate features (Script 14 output) ...
   Climate features  : 13 → ['era5_tmax', 'era5_tmin', 'era5_tmean', 'era5_dtr', 'era5_heat_35', 'era5_heat_38', 'chirps_rain_mm', 'chirps_rain_max', 'chirps_excess', 'era5_heat_35_roll4', 'era5_heat_35_roll8', 'chirps_rain_mm_roll4', 'chirps_rain_mm_roll8']
   Satellite features: 12 → ['s2_ndvi', 's2_evi', 's2_valid_frac', 's2_ndvi_anom', 'modis_ndvi', 'modis_evi', 'modis_lst_mean', 'modis_lst_max', 'modis_lst_frac35', 's2_ndvi_roll4', 's2_ndvi_anom_roll4', 'modis_lst_mean_roll4']
   Panel after join  : 522,082 rows  |  59 columns
   ERA5 coverage     : 98.0%
   S2 NDVI coverage  : 96.1%

[2b] Loading infrastructure (M5) + policy/trade (M6) layers ...
   Wages joined      : 91.7% coverage
   Cold storage joined: 100.0% coverage
   Road density joined: 100.0% coverage
   Policy joined     : 100.0% coverage
   Trigger-1 joined  : 18.9% coverage (Kharif 2022+, crosswalked districts only -- structurally sparse by design)
   IDM CDI joined    : 56.2% coverage (2021-07-14 onward only -- structurally sparse by design)
   Drought features (M7)       : 4 → ['trigger1', 'trigger1_missing', 'cdi', 'cdi_missing']
   Fertilizer MRP joined (M8)  : 84.4% coverage (Jan-2018 onward only -- pre-2018 panel rows structurally missing)
   Fertilizer features (M8)    : 6 → ['fert_urea_mrp', 'fert_urea_mrp_missing', 'fert_dap_mrp', 'fert_dap_mrp_missing', 'fert_mop_mrp', 'fert_mop_mrp_missing']
   NOAA ONI joined (M9)        : 98.7% coverage (continuous since 1950, no core gap)
   ONI features (M9)           : 3 → ['oni_anom', 'oni_lag_3m', 'oni_lag_4m']
   Infrastructure forward-fill: 106,926 cell(s) filled (beyond each source's real coverage, e.g. 2026+)
   Macro forward-fill: 328,235 cell(s) filled (beyond each source's real coverage, e.g. 2026+)
   Climate/satellite forward-fill: 332,338 cell(s) filled (beyond each source's real coverage, e.g. 2026+)
   ONI forward-fill: 19,887 cell(s) filled (tail past Script 62's last published month)
   Infrastructure features (M5): 5 → ['wage_agri_men', 'wage_agri_women', 'cold_storage_n_facilities', 'cold_storage_capacity_mt', 'road_density_per_100_sqkm']
   Policy features (M6)        : 5 → ['export_banned', 'mep_usd_per_tonne', 'export_duty_pct', 'market_intervention_flag', 'operation_greens_active']

[3] Engineering features ...
   tomato  :  303,953 rows  | M9 features available: 88/91
   onion   :  176,813 rows  | M9 features available: 88/91
   potato  :   41,316 rows  | M9 features available: 88/91

[4] Running ablation: M0 → M7 ...
    2 variants × 8 folds × 4 horizons × 3 crops = 192 model fits


  ── M6: M6 + Policy/Trade (up to 88 features) ──
   M6 tomato  fold1 h= 1w | RMSE=  636.0  MAPE= 22.9%  R²= 0.634  trees= 161  [1.7s]
   M6 tomato  fold1 h= 4w | RMSE= 1021.8  MAPE= 34.7%  R²= 0.035  trees=  11  [0.8s]
   M6 tomato  fold1 h=13w | RMSE= 1035.6  MAPE= 34.6%  R²= 0.034  trees=  25  [1.0s]
   M6 tomato  fold1 h=26w | RMSE= 1050.1  MAPE= 40.5%  R²=-0.046  trees=   9  [0.8s] ← NEGATIVE R²
   M6 tomato  fold2 h= 1w | RMSE=  641.1  MAPE= 24.5%  R²= 0.748  trees= 138  [1.8s]
   M6 tomato  fold2 h= 4w | RMSE=  848.1  MAPE= 44.9%  R²= 0.564  trees= 165  [2.1s]
   M6 tomato  fold2 h=13w | RMSE= 1225.3  MAPE= 39.1%  R²= 0.103  trees=  30  [1.1s]
   M6 tomato  fold2 h=26w | RMSE= 1174.8  MAPE= 36.6%  R²= 0.211  trees=  26  [1.1s]
   M6 tomato  fold3 h= 1w | RMSE=  773.2  MAPE= 23.2%  R²= 0.712  trees= 124  [2.1s]
   M6 tomato  fold3 h= 4w | RMSE= 1184.8  MAPE= 33.5%  R²= 0.327  trees=  79  [1.7s]
   M6 tomato  fold3 h=13w | RMSE= 1366.2  MAPE= 43.4%  R²= 0.063  trees= 129  [2.1s]
   M6 tomato  fold3 h=26w | RMSE= 1521.7  MAPE= 43.8%  R²= 0.012  trees= 184  [2.4s]
   M6 tomato  fold4 h= 1w | RMSE=  757.5  MAPE= 23.6%  R²= 0.661  trees= 139  [2.5s]
   M6 tomato  fold4 h= 4w | RMSE= 1138.1  MAPE= 34.4%  R²= 0.238  trees= 167  [2.7s]
   M6 tomato  fold4 h=13w | RMSE= 1238.5  MAPE= 36.4%  R²= 0.127  trees=  36  [1.5s]
   M6 tomato  fold4 h=26w | RMSE= 1065.9  MAPE= 47.3%  R²= 0.245  trees=  14  [1.4s]
   M6 tomato  fold5 h= 1w | RMSE= 1582.6  MAPE= 31.7%  R²= 0.524  trees=  43  [1.9s]
   M6 tomato  fold5 h= 4w | RMSE= 2064.2  MAPE= 46.2%  R²= 0.177  trees=  41  [1.9s]
   M6 tomato  fold5 h=13w | RMSE= 2237.4  MAPE= 48.1%  R²= 0.010  trees=  24  [1.6s]
   M6 tomato  fold5 h=26w | RMSE= 2182.0  MAPE= 37.8%  R²= 0.015  trees= 487  [5.8s]
   M6 tomato  fold6 h= 1w | RMSE= 1046.5  MAPE= 31.9%  R²= 0.505  trees=  47  [2.4s]
   M6 tomato  fold6 h= 4w | RMSE= 1401.7  MAPE= 39.4%  R²= 0.125  trees=  12  [2.0s]
   M6 tomato  fold6 h=13w | RMSE= 1454.2  MAPE= 39.6%  R²= 0.122  trees=  26  [1.9s]
   M6 tomato  fold6 h=26w | RMSE= 1316.2  MAPE= 49.9%  R²= 0.213  trees=  30  [2.3s]
   M6 tomato  fold7 h= 1w | RMSE=  709.1  MAPE= 20.9%  R²= 0.721  trees=  65  [2.9s]
   M6 tomato  fold7 h= 4w | RMSE=  939.8  MAPE= 33.9%  R²= 0.512  trees=  79  [3.0s]
   M6 tomato  fold7 h=13w | RMSE= 1030.6  MAPE= 34.9%  R²= 0.379  trees= 145  [3.8s]
   M6 tomato  fold7 h=26w | RMSE= 1281.6  MAPE= 39.7%  R²= 0.068  trees=  16  [2.0s]
   M6 tomato  fold8 h= 1w | RMSE=  611.8  MAPE= 22.0%  R²= 0.704  trees= 139  [4.2s]
   M6 tomato  fold8 h= 4w | RMSE=  826.9  MAPE= 34.5%  R²= 0.453  trees=  84  [3.3s]
   M6 tomato  fold8 h=13w | RMSE= 1128.9  MAPE= 46.7%  R²= 0.038  trees= 295  [5.9s]
   M6 tomato  fold8 h=26w | RMSE= 1316.1  MAPE= 68.8%  R²=-1.075  trees=  83  [3.3s] ← NEGATIVE R²
   M6 onion   fold1 h= 1w | RMSE= 1090.8  MAPE= 19.7%  R²= 0.663  trees=  49  [0.7s]
   M6 onion   fold1 h= 4w | RMSE= 1673.6  MAPE= 33.0%  R²= 0.246  trees=  23  [0.6s]
   M6 onion   fold1 h=13w | RMSE= 1713.0  MAPE= 29.4%  R²= 0.161  trees=  85  [1.0s]
   M6 onion   fold1 h=26w | RMSE= 2283.0  MAPE= 47.2%  R²=-0.479  trees= 136  [1.2s] ← NEGATIVE R²
   M6 onion   fold2 h= 1w | RMSE=  893.6  MAPE= 23.4%  R²= 0.723  trees= 140  [1.5s]
   M6 onion   fold2 h= 4w | RMSE= 1220.3  MAPE= 32.0%  R²= 0.443  trees= 177  [1.7s]
   M6 onion   fold2 h=13w | RMSE= 1450.8  MAPE= 37.9%  R²= 0.247  trees= 345  [2.5s]
   M6 onion   fold2 h=26w | RMSE= 1769.3  MAPE= 41.9%  R²=-0.232  trees=   8  [0.6s] ← NEGATIVE R²
   M6 onion   fold3 h= 1w | RMSE=  653.6  MAPE= 21.1%  R²= 0.705  trees=  60  [1.2s]
   M6 onion   fold3 h= 4w | RMSE=  824.4  MAPE= 31.3%  R²= 0.522  trees=  58  [1.1s]
   M6 onion   fold3 h=13w | RMSE=  838.7  MAPE= 34.9%  R²= 0.370  trees=  63  [1.2s]
   M6 onion   fold3 h=26w | RMSE=  706.3  MAPE= 26.3%  R²= 0.546  trees=  55  [1.1s]
   M6 onion   fold4 h= 1w | RMSE=  450.2  MAPE= 21.6%  R²= 0.802  trees=  44  [1.2s]
   M6 onion   fold4 h= 4w | RMSE=  550.8  MAPE= 31.7%  R²= 0.697  trees=  34  [1.1s]
   M6 onion   fold4 h=13w | RMSE=  756.0  MAPE= 47.5%  R²= 0.395  trees= 123  [1.7s]
   M6 onion   fold4 h=26w | RMSE=  662.2  MAPE= 36.1%  R²= 0.585  trees= 219  [2.4s]
   M6 onion   fold5 h= 1w | RMSE=  616.8  MAPE= 16.4%  R²= 0.808  trees= 279  [3.2s]
   M6 onion   fold5 h= 4w | RMSE=  862.4  MAPE= 24.2%  R²= 0.622  trees= 234  [3.0s]
   M6 onion   fold5 h=13w | RMSE= 1022.6  MAPE= 28.2%  R²= 0.441  trees= 252  [2.9s]
   M6 onion   fold5 h=26w | RMSE= 1253.0  MAPE= 33.8%  R²= 0.039  trees= 118  [1.9s]
   M6 onion   fold6 h= 1w | RMSE=  590.5  MAPE= 16.8%  R²= 0.838  trees=  82  [1.8s]
   M6 onion   fold6 h= 4w | RMSE=  838.0  MAPE= 23.6%  R²= 0.676  trees=  78  [1.7s]
   M6 onion   fold6 h=13w | RMSE= 1268.1  MAPE= 29.8%  R²= 0.223  trees= 163  [2.5s]
   M6 onion   fold6 h=26w | RMSE= 1498.2  MAPE= 34.1%  R²= 0.035  trees=  20  [1.2s]
   M6 onion   fold7 h= 1w | RMSE=  404.6  MAPE= 14.3%  R²= 0.855  trees=  68  [1.9s]
   M6 onion   fold7 h= 4w | RMSE=  521.5  MAPE= 23.0%  R²= 0.734  trees=  69  [1.9s]
   M6 onion   fold7 h=13w | RMSE=  673.0  MAPE= 35.5%  R²= 0.462  trees=  53  [1.7s]
   M6 onion   fold7 h=26w | RMSE=  800.9  MAPE= 48.7%  R²= 0.200  trees=  20  [1.4s]
   M6 onion   fold8 h= 1w | RMSE=  477.8  MAPE= 13.6%  R²= 0.786  trees=  62  [2.0s]
   M6 onion   fold8 h= 4w | RMSE=  653.3  MAPE= 20.6%  R²= 0.608  trees=  90  [2.4s]
   M6 onion   fold8 h=13w | RMSE=  914.0  MAPE= 26.8%  R²= 0.325  trees=  61  [2.1s]
   M6 onion   fold8 h=26w | RMSE= 1365.0  MAPE= 35.0%  R²=-0.367  trees=  57  [1.9s] ← NEGATIVE R²
   M6 potato  fold1 h= 1w | RMSE=  237.0  MAPE= 16.6%  R²= 0.719  trees=  45  [0.5s]
   M6 potato  fold1 h= 4w | RMSE=  419.2  MAPE= 33.7%  R²= 0.171  trees=  31  [0.4s]
   M6 potato  fold1 h=13w | RMSE=  531.9  MAPE= 29.3%  R²=-0.611  trees=   3  [0.4s] ← NEGATIVE R²
   M6 potato  fold1 h=26w | RMSE=  644.0  MAPE= 33.4%  R²=-1.120  trees=   3  [0.3s] ← NEGATIVE R²
   M6 potato  fold2 h= 1w | RMSE=  520.8  MAPE= 18.9%  R²= 0.428  trees= 114  [0.9s]
   M6 potato  fold2 h= 4w | RMSE=  807.5  MAPE= 36.0%  R²=-0.217  trees= 110  [0.8s] ← NEGATIVE R²
   M6 potato  fold2 h=13w | RMSE= 1304.9  MAPE= 51.3%  R²=-1.417  trees=   4  [0.4s] ← NEGATIVE R²
   M6 potato  fold2 h=26w | RMSE= 1106.4  MAPE= 64.7%  R²=-0.516  trees=  53  [0.6s] ← NEGATIVE R²
   M6 potato  fold3 h= 1w | RMSE=  249.0  MAPE= 21.5%  R²= 0.401  trees= 155  [1.2s]
   M6 potato  fold3 h= 4w | RMSE=  395.4  MAPE= 34.9%  R²=-0.518  trees=  75  [0.8s] ← NEGATIVE R²
   M6 potato  fold3 h=13w | RMSE=  328.4  MAPE= 24.2%  R²=-0.092  trees=   9  [0.4s] ← NEGATIVE R²
   M6 potato  fold3 h=26w | RMSE=  490.2  MAPE= 24.3%  R²=-0.258  trees=   1  [0.4s] ← NEGATIVE R²
   M6 potato  fold4 h= 1w | RMSE=  266.4  MAPE= 13.0%  R²= 0.756  trees=  70  [0.9s]
   M6 potato  fold4 h= 4w | RMSE=  423.9  MAPE= 23.4%  R²= 0.403  trees= 158  [1.4s]
   M6 potato  fold4 h=13w | RMSE=  745.3  MAPE= 39.3%  R²=-0.495  trees=   3  [0.5s] ← NEGATIVE R²
   M6 potato  fold4 h=26w | RMSE=  648.4  MAPE= 52.1%  R²=-0.266  trees=  74  [0.9s] ← NEGATIVE R²
   M6 potato  fold5 h= 1w | RMSE=  148.9  MAPE= 10.0%  R²= 0.846  trees=  48  [0.8s]
   M6 potato  fold5 h= 4w | RMSE=  216.9  MAPE= 15.7%  R²= 0.661  trees=  25  [0.8s]
   M6 potato  fold5 h=13w | RMSE=  369.5  MAPE= 22.1%  R²=-0.287  trees=   2  [0.5s] ← NEGATIVE R²
   M6 potato  fold5 h=26w | RMSE=  559.8  MAPE= 25.4%  R²=-0.387  trees= 434  [3.1s] ← NEGATIVE R²
   M6 potato  fold6 h= 1w | RMSE=  271.6  MAPE= 10.4%  R²= 0.824  trees=  59  [0.9s]
   M6 potato  fold6 h= 4w | RMSE=  418.3  MAPE= 17.4%  R²= 0.565  trees=  49  [0.9s]
   M6 potato  fold6 h=13w | RMSE=  905.8  MAPE= 35.4%  R²=-0.888  trees=  59  [0.9s] ← NEGATIVE R²
   M6 potato  fold6 h=26w | RMSE=  795.6  MAPE= 31.3%  R²=-0.338  trees= 112  [1.3s] ← NEGATIVE R²
   M6 potato  fold7 h= 1w | RMSE=  160.6  MAPE= 10.4%  R²= 0.696  trees= 116  [1.4s]
   M6 potato  fold7 h= 4w | RMSE=  258.5  MAPE= 18.6%  R²= 0.168  trees=  59  [1.0s]
   M6 potato  fold7 h=13w | RMSE=  802.2  MAPE= 70.2%  R²=-5.347  trees= 133  [1.6s] ← NEGATIVE R²
   M6 potato  fold7 h=26w | RMSE=  449.1  MAPE= 48.9%  R²=-0.759  trees=   5  [0.7s] ← NEGATIVE R²
   M6 potato  fold8 h= 1w | RMSE=  150.6  MAPE= 17.9%  R²= 0.611  trees=  93  [1.3s]
   M6 potato  fold8 h= 4w | RMSE=  254.5  MAPE= 31.8%  R²=-0.305  trees= 124  [1.5s] ← NEGATIVE R²
   M6 potato  fold8 h=13w | RMSE=  433.0  MAPE= 58.4%  R²=-3.949  trees= 190  [2.0s] ← NEGATIVE R²
   M6 potato  fold8 h=26w | RMSE=  455.3  MAPE= 58.8%  R²=-2.917  trees=   1  [0.6s] ← NEGATIVE R²
  M6 done in 2.7 min

  ── M9: M9 (M6) + NOAA ONI (up to 91 features) ──
   M9 tomato  fold1 h= 1w | RMSE=  616.8  MAPE= 22.7%  R²= 0.656  trees= 150  [1.9s]
   M9 tomato  fold1 h= 4w | RMSE=  922.9  MAPE= 33.4%  R²= 0.212  trees=  20  [0.9s]
   M9 tomato  fold1 h=13w | RMSE= 1035.3  MAPE= 35.1%  R²= 0.035  trees=  19  [0.9s]
   M9 tomato  fold1 h=26w | RMSE= 1050.4  MAPE= 41.0%  R²=-0.046  trees=   9  [0.8s] ← NEGATIVE R²
   M9 tomato  fold2 h= 1w | RMSE=  641.4  MAPE= 24.1%  R²= 0.748  trees= 121  [1.9s]
   M9 tomato  fold2 h= 4w | RMSE=  860.7  MAPE= 42.8%  R²= 0.551  trees= 278  [3.1s]
   M9 tomato  fold2 h=13w | RMSE= 1132.0  MAPE= 36.9%  R²= 0.235  trees=  84  [1.7s]
   M9 tomato  fold2 h=26w | RMSE= 1092.1  MAPE= 33.7%  R²= 0.318  trees=  36  [1.2s]
   M9 tomato  fold3 h= 1w | RMSE=  780.0  MAPE= 22.7%  R²= 0.707  trees= 119  [2.1s]
   M9 tomato  fold3 h= 4w | RMSE= 1186.4  MAPE= 31.9%  R²= 0.325  trees= 176  [2.5s]
   M9 tomato  fold3 h=13w | RMSE= 1372.6  MAPE= 41.2%  R²= 0.054  trees= 105  [2.0s]
   M9 tomato  fold3 h=26w | RMSE= 1534.7  MAPE= 42.6%  R²=-0.005  trees= 180  [2.6s] ← NEGATIVE R²
   M9 tomato  fold4 h= 1w | RMSE=  755.1  MAPE= 23.7%  R²= 0.663  trees= 153  [3.0s]
   M9 tomato  fold4 h= 4w | RMSE= 1162.6  MAPE= 34.7%  R²= 0.205  trees= 119  [2.5s]
   M9 tomato  fold4 h=13w | RMSE= 1260.5  MAPE= 37.0%  R²= 0.095  trees=  28  [1.6s]
   M9 tomato  fold4 h=26w | RMSE= 1125.6  MAPE= 48.1%  R²= 0.159  trees=   9  [1.3s]
   M9 tomato  fold5 h= 1w | RMSE= 1548.5  MAPE= 31.2%  R²= 0.545  trees=  50  [2.1s]
   M9 tomato  fold5 h= 4w | RMSE= 2058.8  MAPE= 46.3%  R²= 0.181  trees=  47  [2.0s]
   M9 tomato  fold5 h=13w | RMSE= 2307.9  MAPE= 49.5%  R²=-0.054  trees=  13  [1.5s] ← NEGATIVE R²
   M9 tomato  fold5 h=26w | RMSE= 2120.4  MAPE= 39.8%  R²= 0.070  trees= 997  [10.3s]
   M9 tomato  fold6 h= 1w | RMSE= 1039.1  MAPE= 31.3%  R²= 0.512  trees=  43  [2.3s]
   M9 tomato  fold6 h= 4w | RMSE= 1500.8  MAPE= 36.8%  R²=-0.003  trees=   8  [1.8s] ← NEGATIVE R²
   M9 tomato  fold6 h=13w | RMSE= 1299.3  MAPE= 40.7%  R²= 0.299  trees=  22  [2.0s]
   M9 tomato  fold6 h=26w | RMSE= 1225.1  MAPE= 56.1%  R²= 0.318  trees= 112  [3.3s]
   M9 tomato  fold7 h= 1w | RMSE=  718.9  MAPE= 20.0%  R²= 0.713  trees=  60  [2.9s]
   M9 tomato  fold7 h= 4w | RMSE=  942.5  MAPE= 32.6%  R²= 0.509  trees=  69  [3.0s]
   M9 tomato  fold7 h=13w | RMSE= 1035.0  MAPE= 34.4%  R²= 0.374  trees= 172  [4.4s]
   M9 tomato  fold7 h=26w | RMSE= 1233.8  MAPE= 38.8%  R²= 0.136  trees=  16  [2.0s]
   M9 tomato  fold8 h= 1w | RMSE=  606.7  MAPE= 21.9%  R²= 0.709  trees= 134  [4.6s]
   M9 tomato  fold8 h= 4w | RMSE=  821.1  MAPE= 35.6%  R²= 0.460  trees=  82  [3.5s]
   M9 tomato  fold8 h=13w | RMSE= 1093.5  MAPE= 45.5%  R²= 0.098  trees=  95  [3.6s]
   M9 tomato  fold8 h=26w | RMSE= 1096.0  MAPE= 54.7%  R²=-0.439  trees=  81  [3.3s] ← NEGATIVE R²
   M9 onion   fold1 h= 1w | RMSE= 1062.0  MAPE= 19.7%  R²= 0.681  trees=  53  [0.9s]
   M9 onion   fold1 h= 4w | RMSE= 1624.4  MAPE= 32.1%  R²= 0.289  trees=  27  [0.7s]
   M9 onion   fold1 h=13w | RMSE= 1739.8  MAPE= 30.0%  R²= 0.135  trees=  59  [0.9s]
   M9 onion   fold1 h=26w | RMSE= 2280.0  MAPE= 47.0%  R²=-0.475  trees= 108  [1.1s] ← NEGATIVE R²
   M9 onion   fold2 h= 1w | RMSE=  907.0  MAPE= 23.6%  R²= 0.714  trees= 162  [1.6s]
   M9 onion   fold2 h= 4w | RMSE= 1204.0  MAPE= 31.4%  R²= 0.458  trees= 149  [1.6s]
   M9 onion   fold2 h=13w | RMSE= 1469.0  MAPE= 36.9%  R²= 0.228  trees= 346  [2.5s]
   M9 onion   fold2 h=26w | RMSE= 1696.7  MAPE= 39.9%  R²=-0.133  trees=  14  [0.7s] ← NEGATIVE R²
   M9 onion   fold3 h= 1w | RMSE=  651.8  MAPE= 21.6%  R²= 0.707  trees=  66  [1.2s]
   M9 onion   fold3 h= 4w | RMSE=  849.6  MAPE= 32.6%  R²= 0.493  trees=  97  [1.4s]
   M9 onion   fold3 h=13w | RMSE=  783.2  MAPE= 31.8%  R²= 0.450  trees= 501  [4.0s]
   M9 onion   fold3 h=26w | RMSE=  845.9  MAPE= 27.4%  R²= 0.348  trees= 137  [1.8s]
   M9 onion   fold4 h= 1w | RMSE=  424.3  MAPE= 20.8%  R²= 0.824  trees=  60  [1.5s]
   M9 onion   fold4 h= 4w | RMSE=  575.5  MAPE= 34.0%  R²= 0.669  trees=  30  [1.1s]
   M9 onion   fold4 h=13w | RMSE=  726.1  MAPE= 44.2%  R²= 0.442  trees= 314  [3.4s]
   M9 onion   fold4 h=26w | RMSE=  661.2  MAPE= 38.0%  R²= 0.586  trees= 149  [2.0s]
   M9 onion   fold5 h= 1w | RMSE=  603.2  MAPE= 16.2%  R²= 0.817  trees= 251  [3.0s]
   M9 onion   fold5 h= 4w | RMSE=  817.5  MAPE= 24.8%  R²= 0.661  trees= 217  [2.7s]
   M9 onion   fold5 h=13w | RMSE= 1024.4  MAPE= 28.4%  R²= 0.439  trees= 373  [3.7s]
   M9 onion   fold5 h=26w | RMSE= 1180.0  MAPE= 28.5%  R²= 0.148  trees= 217  [2.7s]
   M9 onion   fold6 h= 1w | RMSE=  581.3  MAPE= 16.3%  R²= 0.843  trees=  56  [1.6s]
   M9 onion   fold6 h= 4w | RMSE=  789.8  MAPE= 23.0%  R²= 0.712  trees= 100  [2.2s]
   M9 onion   fold6 h=13w | RMSE= 1241.9  MAPE= 29.5%  R²= 0.255  trees= 102  [2.0s]
   M9 onion   fold6 h=26w | RMSE= 1179.8  MAPE= 27.6%  R²= 0.401  trees=  25  [1.3s]
   M9 onion   fold7 h= 1w | RMSE=  402.3  MAPE= 13.8%  R²= 0.856  trees=  55  [1.8s]
   M9 onion   fold7 h= 4w | RMSE=  531.0  MAPE= 21.9%  R²= 0.724  trees=  53  [1.9s]
   M9 onion   fold7 h=13w | RMSE=  692.7  MAPE= 36.5%  R²= 0.430  trees=  40  [1.6s]
   M9 onion   fold7 h=26w | RMSE=  616.6  MAPE= 30.9%  R²= 0.525  trees=  47  [1.6s]
   M9 onion   fold8 h= 1w | RMSE=  454.7  MAPE= 13.0%  R²= 0.806  trees= 163  [3.2s]
   M9 onion   fold8 h= 4w | RMSE=  645.0  MAPE= 19.9%  R²= 0.618  trees=  49  [1.9s]
   M9 onion   fold8 h=13w | RMSE=  919.1  MAPE= 26.2%  R²= 0.318  trees= 208  [3.6s]
   M9 onion   fold8 h=26w | RMSE= 1388.8  MAPE= 35.9%  R²=-0.416  trees=  52  [2.0s] ← NEGATIVE R²
   M9 potato  fold1 h= 1w | RMSE=  224.9  MAPE= 16.0%  R²= 0.747  trees=  49  [0.5s]
   M9 potato  fold1 h= 4w | RMSE=  412.7  MAPE= 33.5%  R²= 0.197  trees=  33  [0.4s]
   M9 potato  fold1 h=13w | RMSE=  516.5  MAPE= 28.2%  R²=-0.519  trees=   4  [0.3s] ← NEGATIVE R²
   M9 potato  fold1 h=26w | RMSE=  667.9  MAPE= 34.8%  R²=-1.281  trees=   1  [0.3s] ← NEGATIVE R²
   M9 potato  fold2 h= 1w | RMSE=  528.5  MAPE= 19.0%  R²= 0.411  trees= 107  [0.8s]
   M9 potato  fold2 h= 4w | RMSE=  797.5  MAPE= 35.8%  R²=-0.187  trees= 116  [0.9s] ← NEGATIVE R²
   M9 potato  fold2 h=13w | RMSE= 1285.7  MAPE= 51.6%  R²=-1.347  trees=   5  [0.3s] ← NEGATIVE R²
   M9 potato  fold2 h=26w | RMSE= 1094.5  MAPE= 65.2%  R²=-0.484  trees=  45  [0.6s] ← NEGATIVE R²
   M9 potato  fold3 h= 1w | RMSE=  255.4  MAPE= 22.0%  R²= 0.370  trees= 137  [1.1s]
   M9 potato  fold3 h= 4w | RMSE=  373.4  MAPE= 33.3%  R²=-0.354  trees=  65  [0.7s] ← NEGATIVE R²
   M9 potato  fold3 h=13w | RMSE=  450.0  MAPE= 37.2%  R²=-1.049  trees=  21  [0.5s] ← NEGATIVE R²
   M9 potato  fold3 h=26w | RMSE=  496.6  MAPE= 24.5%  R²=-0.291  trees=   1  [0.4s] ← NEGATIVE R²
   M9 potato  fold4 h= 1w | RMSE=  267.9  MAPE= 13.4%  R²= 0.753  trees= 149  [1.3s]
   M9 potato  fold4 h= 4w | RMSE=  424.5  MAPE= 23.1%  R²= 0.401  trees= 300  [2.2s]
   M9 potato  fold4 h=13w | RMSE=  725.6  MAPE= 39.7%  R²=-0.417  trees=   4  [0.4s] ← NEGATIVE R²
   M9 potato  fold4 h=26w | RMSE=  669.4  MAPE= 54.3%  R²=-0.349  trees= 155  [1.4s] ← NEGATIVE R²
   M9 potato  fold5 h= 1w | RMSE=  148.1  MAPE=  9.5%  R²= 0.848  trees=  48  [0.8s]
   M9 potato  fold5 h= 4w | RMSE=  240.8  MAPE= 16.8%  R²= 0.582  trees=  22  [0.7s]
   M9 potato  fold5 h=13w | RMSE=  324.2  MAPE= 19.6%  R²= 0.009  trees=   5  [0.7s]
   M9 potato  fold5 h=26w | RMSE=  589.3  MAPE= 27.6%  R²=-0.537  trees=  64  [1.0s] ← NEGATIVE R²
   M9 potato  fold6 h= 1w | RMSE=  234.2  MAPE=  9.2%  R²= 0.869  trees=  64  [1.0s]
   M9 potato  fold6 h= 4w | RMSE=  399.8  MAPE= 17.4%  R²= 0.603  trees= 259  [2.4s]
   M9 potato  fold6 h=13w | RMSE=  920.0  MAPE= 37.8%  R²=-0.948  trees=  20  [0.8s] ← NEGATIVE R²
   M9 potato  fold6 h=26w | RMSE=  802.8  MAPE= 31.6%  R²=-0.362  trees= 117  [1.4s] ← NEGATIVE R²
   M9 potato  fold7 h= 1w | RMSE=  159.2  MAPE= 10.1%  R²= 0.701  trees=  63  [1.1s]
   M9 potato  fold7 h= 4w | RMSE=  250.7  MAPE= 17.2%  R²= 0.217  trees=  42  [0.9s]
   M9 potato  fold7 h=13w | RMSE=  512.7  MAPE= 44.1%  R²=-1.592  trees= 203  [2.1s] ← NEGATIVE R²
   M9 potato  fold7 h=26w | RMSE=  394.3  MAPE= 41.6%  R²=-0.356  trees=   3  [0.6s] ← NEGATIVE R²
   M9 potato  fold8 h= 1w | RMSE=  151.2  MAPE= 18.0%  R²= 0.608  trees= 113  [1.5s]
   M9 potato  fold8 h= 4w | RMSE=  258.6  MAPE= 32.5%  R²=-0.347  trees= 185  [1.9s] ← NEGATIVE R²
   M9 potato  fold8 h=13w | RMSE=  484.1  MAPE= 63.6%  R²=-5.185  trees= 276  [2.5s] ← NEGATIVE R²
   M9 potato  fold8 h=26w | RMSE=  342.4  MAPE= 44.0%  R²=-1.215  trees= 594  [4.6s] ← NEGATIVE R²
  M9 done in 3.0 min

  Total ablation time: 5.7 min
  Saved: C:\Users\masro\Documents\TOP_Digital_Twin\Model_Output\dm_market_level_raw_results.csv
  Saved: C:\Users\masro\Documents\TOP_Digital_Twin\Model_Output\dm_market_level_predictions.csv  (3,094,154 rows)

MARKET_LEVEL_DIAGNOSTIC run complete — skipping summary table/figures
(those assume the full M0-M4 + B1_Naive production run).
